03-30 16:54:51.608  8923  8923 I android.hardware.wifi@1.0-service-lazy: Wifi Hal is booting up...
03-30 16:54:51.609  8923  8923 I android.hardware.wifi@1.0-service-lazy: Registering HAL: android.hardware.wifi@1.4::IWifi with name: default
03-30 16:54:51.684  8923  8923 I android.hardware.wifi@1.0-service-lazy: Wifi HAL started
03-30 16:54:51.686  8923  8923 I android.hardware.wifi@1.0-service-lazy: Process has 1 (of 1 available) client(s) in use after notification android.hardware.wifi@1.4::IWifi has clients: 1
03-30 16:54:52.089  1369  2777 W ContextImpl: Calling a method in the system process without a qualified user: android.app.ContextImpl.sendBroadcastMultiplePermissions:1148 android.content.Context.sendBroadcastWithMultiplePermissions:2150 com.android.server.wifi.p2p.WifiP2pServiceImpl$P2pStateMachine.sendBroadcastMultiplePermissions:3106 com.android.server.wifi.p2p.WifiP2pServiceImpl$P2pStateMachine.sendP2pConnectionChangedBroadcast:3133 com.android.server.wifi.p2p.WifiP2pServiceImpl$P2pStateMachine.access$4900:756 
03-30 16:54:52.097  1369  2777 W ContextImpl: Calling a method in the system process without a qualified user: android.app.ContextImpl.sendBroadcastMultiplePermissions:1148 android.content.Context.sendBroadcastWithMultiplePermissions:2150 com.android.server.wifi.p2p.WifiP2pServiceImpl$P2pStateMachine.sendBroadcastMultiplePermissions:3106 com.android.server.wifi.p2p.WifiP2pServiceImpl$P2pStateMachine.sendThisDeviceChangedBroadcast:3115 com.android.server.wifi.p2p.WifiP2pServiceImpl$P2pStateMachine.updateThisDevice:3835 
03-30 16:54:53.509  8923  8923 I android.hardware.wifi@1.0-service-lazy: Wifi HAL stopped
03-30 16:55:06.686  8923  8923 I android.hardware.wifi@1.0-service-lazy: Process has 0 (of 1 available) client(s) in use after notification android.hardware.wifi@1.4::IWifi has clients: 0
04-02 15:45:06.400  1369  2776 E WifiClientModeImpl: getWifiLinkLayerStats called without an interface
04-02 15:45:16.096  1369  2776 E WifiClientModeImpl: getWifiLinkLayerStats called without an interface
04-02 15:57:13.329  1369  2776 E WifiClientModeImpl: getWifiLinkLayerStats called without an interface
04-02 15:57:15.386  1369  2776 E WifiClientModeImpl: getWifiLinkLayerStats called without an interface
04-02 15:57:15.493  1369  2776 E WifiClientModeImpl: getWifiLinkLayerStats called without an interface
04-02 15:57:21.409  1369  2776 E WifiClientModeImpl: getWifiLinkLayerStats called without an interface
04-02 15:57:21.814  1369  2776 E WifiClientModeImpl: getWifiLinkLayerStats called without an interface
04-02 15:57:33.594  1369  2776 E WifiClientModeImpl: getWifiLinkLayerStats called without an interface
04-02 15:59:46.837  1369  2776 E WifiClientModeImpl: getWifiLinkLayerStats called without an interface
04-02 15:59:49.296  1369  2776 E WifiClientModeImpl: getWifiLinkLayerStats called without an interface
04-02 15:59:50.576  1369  2776 E WifiClientModeImpl: getWifiLinkLayerStats called without an interface
04-02 15:59:52.999  1369  2776 E WifiClientModeImpl: getWifiLinkLayerStats called without an interface
04-02 16:05:20.474  1369  2776 E WifiNative: Could not get Iface object for interface null
04-02 16:05:20.477  1369  2776 E HalDevMgr: getAllChipInfo: called but mWifi is null!?
04-02 16:05:20.621  1369  2776 E WifiClientModeImpl: getWifiLinkLayerStats called without an interface
04-02 16:05:24.391  1369  2776 E WifiClientModeImpl: getWifiLinkLayerStats called without an interface
04-02 16:05:30.127  1369  2776 E WifiClientModeImpl: getWifiLinkLayerStats called without an interface
04-02 16:07:10.417  1369  5400 I WifiService: setWifiEnabled package=com.android.systemui uid=10169 enable=true
04-02 16:07:10.420  1369  2776 D WifiActiveModeWarden: Starting ClientModeManager
04-02 16:07:10.421  1369  2776 D WifiController: DisabledState.exit()
04-02 16:07:10.422  1369  2776 D WifiController: EnabledState.enter()
04-02 16:07:10.422  1369  2776 D WifiClientModeManager: entering IdleState
04-02 16:07:10.429   433   433 I hwservicemanager: Since android.hardware.wifi@1.0::IWifi/default is not registered, trying to start it as a lazy HAL.
04-02 16:07:10.432   433   433 I hwservicemanager: Since android.hardware.wifi@1.0::IWifi/default is not registered, trying to start it as a lazy HAL.
04-02 16:07:10.432  1369  2776 I HidlServiceManagement: getService: Trying again for android.hardware.wifi@1.0::IWifi/default...
04-02 16:07:10.233     1     1 I (4)[1:init]init 25: [535677914][42]Control message: Processed ctl.interface_start for 'android.hardware.wifi@1.0::IWifi/default' from pid: 433 (/system/bin/hwservicemanager)
04-02 16:07:10.234     1     1 I (4)[1:init]init 25: [535677921][0]Control message: Processed ctl.interface_start for 'android.hardware.wifi@1.0::IWifi/default' from pid: 433 (/system/bin/hwservicemanager)
04-02 16:07:10.454  9624  9624 I android.hardware.wifi@1.0-service-lazy: Wifi Hal is booting up...
04-02 16:07:10.455  9624  9624 I android.hardware.wifi@1.0-service-lazy: Registering HAL: android.hardware.wifi@1.4::IWifi with name: default
04-02 16:07:10.458  1369  3398 D HalDevMgr: IWifi registration notification: fqName=android.hardware.wifi@1.0::IWifi, name=default, preexisting=false
04-02 16:07:10.460  1369  2776 I android_os_HwBinder: HwBinder: Starting thread pool for getting: android.hardware.wifi@1.0::IWifi/default
04-02 16:07:10.282  1067  1067 I (4)[1067:mtk_wmtd_worker][wlan][1067]wlanConfigWifiFunc: (INIT INFO) FW_START CMD send, waiting for RSP
04-02 16:07:10.315  1067  1067 I (4)[1067:mtk_wmtd_worker][wlan][1067]wlanConfigWifiFunc: (INIT INFO) FW_START EVT success!!
04-02 16:07:10.316  1067  1067 I (4)[1067:mtk_wmtd_worker][wlan][1067]wlanCheckWifiFunc: (INIT INFO) Ready bit asserted
04-02 16:07:10.317  1067  1067 I (4)[1067:mtk_wmtd_worker][wlan][1067]nicCfgChipCapPhyCap: (INIT ERROR) illegle ucWifiPath 0
04-02 16:07:10.533  9624  9624 I android.hardware.wifi@1.0-service-lazy: Wifi HAL started
04-02 16:07:10.534  1369  2776 I WifiVendorHal: Vendor Hal started successfully
04-02 16:07:10.536  1369  2777 I WifiP2pNative: Registering for interface available listener
04-02 16:07:10.560  1369  3525 I WifiService: updateInterfaceIpState uid=1073
04-02 16:07:10.581  1369  5400 I WifiService: updateInterfaceIpState uid=1073
04-02 16:07:10.619  9624  9624 I WifiHAL : Wifi HAL initializing
04-02 16:07:10.619  9624  9624 I WifiHAL : Creating socket
04-02 16:07:10.620  9624  9624 I WifiHAL : Get nl80211_family_id
04-02 16:07:10.620  9624  9624 I WifiHAL : init wifi interfaces
04-02 16:07:10.620  9624  9624 D WifiHAL : found an interface : p2p0, id = 60
04-02 16:07:10.620  9624  9624 D WifiHAL : found an interface : wlan0, id = 32
04-02 16:07:10.620  9624  9624 D WifiHAL : found an interface : wlan1, id = 33
04-02 16:07:10.620  9624  9624 D WifiHAL : Add membership for group scan successfully
04-02 16:07:10.621  9624  9624 D WifiHAL : Add membership for group mlme successfully
04-02 16:07:10.621  9624  9624 D WifiHAL : Add membership for group regulatory successfully
04-02 16:07:10.621  9624  9624 D WifiHAL : Add membership for group vendor successfully
04-02 16:07:10.621  9624  9624 D WifiHAL : Wifi HAL initialized successfully: nl80211_family_id=19, found 3 interfaces
04-02 16:07:10.622  9624  9624 D WifiHAL : WifiRequest::create vendor command to iface 32, vendor_id=0x1a11, subcmd=0x1401, res=0
04-02 16:07:10.622  9624  9624 D WifiHAL : In DebugCommand::handleResponse
04-02 16:07:10.623  9624  9624 D WifiHAL : len = 24, expected len = 256
04-02 16:07:10.624  9624  9624 D WifiHAL : WifiRequest::create vendor command to iface 32, vendor_id=0x1a11, subcmd=0x1401, res=0
04-02 16:07:10.624  9624  9624 D WifiHAL : In DebugCommand::handleResponse
04-02 16:07:10.624  9624  9624 D WifiHAL : len = 64, expected len = 256
04-02 16:07:10.646  1369  2777 I WifiP2pNative: Registering for interface available listener
04-02 16:07:10.646  1369  2777 D WifiP2pNative: P2P InterfaceAvailableListener true
04-02 16:07:10.646  1369  2777 D WifiP2pService: Wifi enabled=false, P2P Interface availability=true
04-02 16:07:10.648  1369  2776 E WifiVendorHal: enableLinkLayerStats(l.1110) failed {.code = ERROR_NOT_SUPPORTED, .description = }
04-02 16:07:10.648  1369  2776 E WifiVendorHal: unable to enable link layer stats collection
04-02 16:07:10.649  1369  2776 D WifiNl80211Manager: Setting up interface for client mode
04-02 16:07:10.657  1369  2776 I WifiNative: Interface state changed on Iface:{Name=wlan0,Id=8,Type=STA_SCAN}, isUp=true
04-02 16:07:10.657  1369  2776 I WifiNative: Successfully setup Iface:{Name=wlan0,Id=8,Type=STA_SCAN}
04-02 16:07:10.659  9624  9624 D WifiHAL : WifiRequest::create vendor command to iface 32, vendor_id=0x1a11, subcmd=0x0002, res=0
04-02 16:07:10.659  9624  9624 D WifiHAL : In GetFeatureSetCommand::handleResponse for 5
04-02 16:07:10.659  9624  9624 D WifiHAL : vendor_id = 0x0, subcmd = 0x0
04-02 16:07:10.660  9624  9624 I WifiHAL : feature_set=0x8488141a
04-02 16:07:10.661  9624  9624 D WifiHAL : WifiRequest::create vendor command to iface 32, vendor_id=0x1a11, subcmd=0x0002, res=0
04-02 16:07:10.661  9624  9624 D WifiHAL : In GetFeatureSetCommand::handleResponse for 5
04-02 16:07:10.661  9624  9624 D WifiHAL : vendor_id = 0x0, subcmd = 0x0
04-02 16:07:10.661  9624  9624 I WifiHAL : feature_set=0x8488141a
04-02 16:07:10.667  1369  2776 D WifiClientModeManager: entering StartedState
04-02 16:07:10.668  1369  2776 D WifiClientModeManager: entering ScanOnlyModeState
04-02 16:07:10.668  1369  2776 D WifiScanRequestProxy: Sending scan available broadcast: true
04-02 16:07:10.668  1369  2779 I WifiScanningService: Received a request to enable scanning, UID = 1000
04-02 16:07:10.669  1369  2776 I WifiScanRequestProxy: Scanning is enabled
04-02 16:07:10.669  1369  2776 I WifiScanRequestProxy: Scanning for hidden networks is disabled
04-02 16:07:10.670  1369  1369 D WifiP2pService: Wifi enabled=false, P2P Interface availability=true
04-02 16:07:10.685  1369  2779 I WifiScanningService: Created a new impl for wlan0
04-02 16:07:10.686  1369  2779 E WifiBackgroundScanStateMachine: invalid max buckets in scan capabilities 0
04-02 16:07:10.852  9624  9624 D WifiHAL : WifiRequest::create vendor command to iface 32, vendor_id=0x1a11, subcmd=0x0002, res=0
04-02 16:07:10.852  9624  9624 D WifiHAL : In GetFeatureSetCommand::handleResponse for 5
04-02 16:07:10.853  9624  9624 D WifiHAL : vendor_id = 0x0, subcmd = 0x0
04-02 16:07:10.853  9624  9624 I WifiHAL : feature_set=0x8488141a
04-02 16:07:10.853  9624  9624 D WifiHAL : WifiRequest::create vendor command to iface 32, vendor_id=0x1a11, subcmd=0x0002, res=0
04-02 16:07:10.853  9624  9624 D WifiHAL : In GetFeatureSetCommand::handleResponse for 5
04-02 16:07:10.853  9624  9624 D WifiHAL : vendor_id = 0x0, subcmd = 0x0
04-02 16:07:10.853  9624  9624 I WifiHAL : feature_set=0x8488141a
04-02 16:07:10.861  1369  2776 I WifiNative: Successfully switched to connectivity mode on iface=Iface:{Name=wlan0,Id=8,Type=STA_CONNECTIVITY}
04-02 16:07:10.861  1369  2776 E WifiScanner: listener cannot be found
04-02 16:07:10.861  1369  2776 D WifiClientModeManager: entering ConnectModeState
04-02 16:07:10.867  1369  2776 D WifiScanRequestProxy: Sending scan available broadcast: true
04-02 16:07:10.868  1369  2779 I WifiScanningService: Received a request to enable scanning, UID = 1000
04-02 16:07:10.868  1369  2779 I WifiScanningService: scanner impls already exists
04-02 16:07:10.868  1369  2776 I WifiScanRequestProxy: Scanning is enabled
04-02 16:07:10.869  1369  2776 I WifiScanRequestProxy: Scanning for hidden networks is enabled
04-02 16:07:10.869  1369  2779 E WifiBackgroundScanStateMachine: invalid max buckets in scan capabilities 0
04-02 16:07:10.870  1369  2776 D WifiClientModeImpl: entering ConnectModeState: ifaceName = wlan0
04-02 16:07:10.870  1369  2776 D WifiClientModeImpl: setupClientMode() ifacename = wlan0
04-02 16:07:10.870  1369  1369 D WifiP2pService: Wifi enabled=true, P2P Interface availability=true, Number of clients=1
04-02 16:07:10.870  1369  1369 D WifiP2pService: Wifi enabled=true, P2P Interface availability=true
04-02 16:07:10.871  1369  2777 D WifiP2pNative: Setup P2P interface
04-02 16:07:10.871  2846  2878 V ImsIconController: onWifiConnectionStateChanged mWifiEnabled: true mWifiConnected: false
04-02 16:07:10.873  2846  2878 D NetworkController.WifiSignalController: Change in state from: connected=false,enabled=false,level=0,inetCondition=0,iconGroup=IconGroup(Wi-Fi Icons),activityIn=false,activityOut=false,rssi=0,lastModified=03-30 08:54:53.395,ssid=null,isTransient=false,isDefault=false,statusLabel=null,isStandard11AX=false,epdgState=false
04-02 16:07:10.873  2846  2878 D NetworkController.WifiSignalController: 	to: connected=false,enabled=true,level=0,inetCondition=0,iconGroup=IconGroup(Wi-Fi Icons),activityIn=false,activityOut=false,rssi=0,lastModified=03-30 08:54:53.395,ssid=null,isTransient=false,isDefault=false,statusLabel=null,isStandard11AX=false,epdgState=false
04-02 16:07:10.896  1369  2776 D WifiCountryCode: updateCountryCode to CN
04-02 16:07:10.898  1369  2776 D WifiCountryCode: Succeeded to set country code to: CN
04-02 16:07:10.899  9624  9624 D WifiHAL : WifiRequest::create vendor command to iface 32, vendor_id=0x1a11, subcmd=0x1401, res=0
04-02 16:07:10.900  9624  9624 D WifiHAL : In DebugCommand::handleResponse
04-02 16:07:10.900  9624  9624 D WifiHAL : len = 24, expected len = 256
04-02 16:07:10.900  9624  9624 D WifiHAL : WifiRequest::create vendor command to iface 32, vendor_id=0x1a11, subcmd=0x1401, res=0
04-02 16:07:10.900  9624  9624 D WifiHAL : In DebugCommand::handleResponse
04-02 16:07:10.900  9624  9624 D WifiHAL : len = 64, expected len = 256
04-02 16:07:10.901  1369  2776 I WifiVendorHal: Driver: 1_0_1-"20210322230124" Firmware: t-neptune-mp-soc1_0e1-2015-KRUG_SOC1_0_E1_ASIC-20201225082104
04-02 16:07:10.902  1369  2776 E WifiVendorHal: setLoggingEventHandler(l.1529) failed {.code = ERROR_NOT_SUPPORTED, .description = }
04-02 16:07:10.903  1369  2776 D WifiDiags: startLogging() iface list is {wlan0} after adding wlan0
04-02 16:07:10.920  1369  2777 I WifiP2pNative: P2P interface setup completed
04-02 16:07:10.920  1369  2777 I WifiP2pService: Supported feature: P2P MAC randomization
04-02 16:07:10.926  1369  2777 W ContextImpl: Calling a method in the system process without a qualified user: android.app.ContextImpl.sendBroadcastMultiplePermissions:1148 android.content.Context.sendBroadcastWithMultiplePermissions:2150 com.android.server.wifi.p2p.WifiP2pServiceImpl$P2pStateMachine.sendBroadcastMultiplePermissions:3106 com.android.server.wifi.p2p.WifiP2pServiceImpl$P2pStateMachine.sendP2pConnectionChangedBroadcast:3133 com.android.server.wifi.p2p.WifiP2pServiceImpl$P2pStateMachine.access$4900:756 
04-02 16:07:10.931  1369  2776 D WifiConnectivityHelper: Firmware supported feature set: 9ac881419
04-02 16:07:10.931  9624  9624 I WifiHAL : Get roaming capabilities
04-02 16:07:10.932  9624  9624 D WifiHAL : WifiRequest::create vendor command to iface 32, vendor_id=0x1a11, subcmd=0x0008, res=0
04-02 16:07:10.932  9624  9624 D WifiHAL : In GetFeatureSetCommand::handleResponse for 12
04-02 16:07:10.932  9624  9624 D WifiHAL : vendor_id = 0x0, subcmd = 0x0
04-02 16:07:10.932  9624  9624 I WifiHAL : blacklist/whitelist: 16: 8
04-02 16:07:10.932  1369  2776 D WifiConnectivityHelper: Firmware roaming supported with capabilities: max num blacklist bssid=16 max num whitelist ssid=8
04-02 16:07:10.934  1369  2777 W ContextImpl: Calling a method in the system process without a qualified user: android.app.ContextImpl.sendBroadcastMultiplePermissions:1148 android.content.Context.sendBroadcastWithMultiplePermissions:2150 com.android.server.wifi.p2p.WifiP2pServiceImpl$P2pStateMachine.sendBroadcastMultiplePermissions:3106 com.android.server.wifi.p2p.WifiP2pServiceImpl$P2pStateMachine.sendThisDeviceChangedBroadcast:3115 com.android.server.wifi.p2p.WifiP2pServiceImpl$P2pStateMachine.updateThisDevice:3835 
04-02 16:07:10.934  1369  2776 E WifiVendorHal: getWifiLinkLayerStats_1_3_Internal(l.973) failed {.code = ERROR_NOT_SUPPORTED, .description = }
04-02 16:07:10.936  1369  2776 I WifiClientModeImpl: disconnectedstate enter
04-02 16:07:10.937  1369  2776 E WifiScoringParams: Invalid frequency(-1), using 5G as default rssi array
04-02 16:07:10.728  2776  2776 I -(2)[2776:WifiHandlerThre][wlan][9624]mtk_cfg80211_vendor_get_roaming_capabilities: (REQ INFO) Get roaming capabilities: max black/whitelist=16/8
04-02 16:07:10.732  2776  2776 I         : -(2)[2776:WifiHandlerThre]alarmtimer_enqueue, 536878420000000
04-02 16:07:10.734  2776  2776 I         : -(2)[2776:WifiHandlerThre]alarmtimer_enqueue, 535698421000000
04-02 16:07:10.944  1369  2777 D WifiP2pNative: P2P InterfaceAvailableListener false
04-02 16:07:10.944  1369  2777 I WifiP2pNative: Masking interface non-availability callback because we created a P2P iface
04-02 16:07:10.950  1369  2776 D WifiService: updateInterfaceIpState: ifaceName=ap0 mode=-1 previous LOHS mode= -1
04-02 16:07:10.747  2779  2779 I         : -(0)[2779:WifiScanningSer]alarmtimer_enqueue, 535698421000000
04-02 16:07:10.950  1369  2776 D WifiService: updateInterfaceIpState: ifaceName=ap0 mode=-1 previous LOHS mode= -1
04-02 16:07:12.332  1369  5400 I WifiService: setWifiEnabled package=com.android.systemui uid=10169 enable=false
04-02 16:07:12.333  1369  2776 D WifiActiveModeWarden: Shutting down all client mode managers
04-02 16:07:12.334  1369  2776 D WifiClientModeManager:  currentstate: ConnectModeState
04-02 16:07:12.336  1369  1369 D WifiP2pService: Wifi enabled=false, P2P Interface availability=true
04-02 16:07:12.336  2846  2878 V ImsIconController: onWifiConnectionStateChanged mWifiEnabled: false mWifiConnected: false
04-02 16:07:12.337  2846  2878 D NetworkController.WifiSignalController: Change in state from: connected=false,enabled=true,level=0,inetCondition=0,iconGroup=IconGroup(Wi-Fi Icons),activityIn=false,activityOut=false,rssi=0,lastModified=04-02 08:07:10.873,ssid=null,isTransient=false,isDefault=false,statusLabel=null,isStandard11AX=false,epdgState=false
04-02 16:07:12.337  2846  2878 D NetworkController.WifiSignalController: 	to: connected=false,enabled=false,level=0,inetCondition=0,iconGroup=IconGroup(Wi-Fi Icons),activityIn=false,activityOut=false,rssi=0,lastModified=04-02 08:07:10.873,ssid=null,isTransient=false,isDefault=false,statusLabel=null,isStandard11AX=false,epdgState=false
04-02 16:07:12.338  1369  2777 D WifiP2pNative: Teardown P2P interface
04-02 16:07:12.340  1369  2776 D WifiClientModeManager: The target role -1
04-02 16:07:12.340  1369  2776 D WifiClientModeManager: Continue to stop wifi
04-02 16:07:12.342  1369  1369 D WifiP2pService: Wifi enabled=false, P2P Interface availability=true
04-02 16:07:12.367  1369  2777 I WifiP2pNative: P2P interface teardown completed
04-02 16:07:12.368  1369  2777 D WifiP2pNative: P2P InterfaceDestroyedListener p2p0
04-02 16:07:12.368  1369  2777 D WifiP2pNative: Ignoring stale interface destroyed listener
04-02 16:07:12.368  1369  2777 D WifiP2pNative: P2P InterfaceAvailableListener true
04-02 16:07:12.368  1369  2777 D WifiP2pService: Wifi enabled=false, P2P Interface availability=true
04-02 16:07:12.392  1369  2776 D WifiNl80211Manager: tearing down interfaces in wificond
04-02 16:07:12.396  9624  9628 E WifiHAL : wifi_event_loop: Read after POLL returned 4, error no = 0 (Success)
04-02 16:07:12.396  9624  9628 D WifiHAL : Got a signal to exit!!!
04-02 16:07:12.396  9624  9628 I WifiHAL : Exit wifi_event_loop
04-02 16:07:12.396  9624  9624 E WifiHAL : wifi_cleanup: Read after POLL returned 4, error no = 0 (Success)
04-02 16:07:12.396  9624  9624 E WifiHAL : Event processing terminated
04-02 16:07:12.397  9624  9624 I WifiHAL : Internal cleanup completed
04-02 16:07:12.228  1067  1067 I (6)[1067:mtk_wmtd_worker][wlan][1067]halHifPowerOffWifi: (INIT INFO) Power off Wi-Fi!
04-02 16:07:12.228  1067  1067 I (6)[1067:mtk_wmtd_worker][wlan][1067]halHifPowerOffWifi: (INIT INFO) Handle pending interrupt
04-02 16:07:12.451  9624  9624 I android.hardware.wifi@1.0-service-lazy: Wifi HAL stopped
04-02 16:07:12.243  1067  1067 I (6)[1067:mtk_wmtd_worker][wlan][1067]wlanCheckWifiFunc: (INIT INFO) Wi-Fi power off done!
04-02 16:07:12.452  1369  2776 I WifiVendorHal: Vendor Hal stopped
04-02 16:07:12.452  1369  2776 D WifiClientModeManager: STA iface wlan0 was destroyed, stopping client mode
04-02 16:07:12.454  1369  2776 V WifiClientModeImpl: stopIpClient IpClientWithPreConnection: false
04-02 16:07:12.454  1369  2776 V WifiClientModeImpl: java.lang.Throwable
04-02 16:07:12.454  1369  2776 V WifiClientModeImpl: 	at com.android.server.wifi.ClientModeImpl.stopIpClient(ClientModeImpl.java:1070)
04-02 16:07:12.454  1369  2776 V WifiClientModeImpl: 	at com.android.server.wifi.ClientModeImpl.stopDhcpSetup(ClientModeImpl.java:1085)
04-02 16:07:12.454  1369  2776 V WifiClientModeImpl: 	at com.android.server.wifi.ClientModeImpl.handleNetworkDisconnect(ClientModeImpl.java:2765)
04-02 16:07:12.454  1369  2776 V WifiClientModeImpl: 	at com.android.server.wifi.ClientModeImpl.handleIfaceDestroyed(ClientModeImpl.java:1570)
04-02 16:07:12.454  1369  2776 V WifiClientModeImpl: 	at com.android.server.wifi.ClientModeManager$ClientModeStateMachine$1.onDestroyed(ClientModeManager.java:423)
04-02 16:07:12.454  1369  2776 V WifiClientModeImpl: 	at com.android.server.wifi.WifiNative.onInterfaceDestroyed(WifiNative.java:579)
04-02 16:07:12.454  1369  2776 V WifiClientModeImpl: 	at com.android.server.wifi.WifiNative.access$1200(WifiNative.java:77)
04-02 16:07:12.454  1369  2776 V WifiClientModeImpl: 	at com.android.server.wifi.WifiNative$InterfaceDestoyedListenerInternal.onDestroyed(WifiNative.java:606)
04-02 16:07:12.454  1369  2776 V WifiClientModeImpl: 	at com.android.server.wifi.WifiVendorHal$StaInterfaceDestroyedListenerInternal.onDestroyed(WifiVendorHal.java:429)
04-02 16:07:12.454  1369  2776 V WifiClientModeImpl: 	at com.android.server.wifi.HalDeviceManager$InterfaceDestroyedListenerProxy.action(HalDeviceManager.java:2165)
04-02 16:07:12.454  1369  2776 V WifiClientModeImpl: 	at com.android.server.wifi.HalDeviceManager$ListenerProxy.trigger(HalDeviceManager.java:2130)
04-02 16:07:12.454  1369  2776 V WifiClientModeImpl: 	at com.android.server.wifi.HalDeviceManager.dispatchDestroyedListeners(HalDeviceManager.java:2081)
04-02 16:07:12.454  1369  2776 V WifiClientModeImpl: 	at com.android.server.wifi.HalDeviceManager.removeIfaceInternal(HalDeviceManager.java:2000)
04-02 16:07:12.454  1369  2776 V WifiClientModeImpl: 	at com.android.server.wifi.HalDeviceManager.removeIface(HalDeviceManager.java:265)
04-02 16:07:12.454  1369  2776 V WifiClientModeImpl: 	at com.android.server.wifi.WifiVendorHal.removeStaIface(WifiVendorHal.java:478)
04-02 16:07:12.454  1369  2776 V WifiClientModeImpl: 	at com.android.server.wifi.WifiNative.removeStaIface(WifiNative.java:866)
04-02 16:07:12.454  1369  2776 V WifiClientModeImpl: 	at com.android.server.wifi.WifiNative.teardownInterface(WifiNative.java:1312)
04-02 16:07:12.454  1369  2776 V WifiClientModeImpl: 	at com.android.server.wifi.ClientModeManager$ClientModeStateMachine$StartedState.exit(ClientModeManager.java:568)
04-02 16:07:12.454  1369  2776 V WifiClientModeImpl: 	at com.android.wifi.x.com.android.internal.util.StateMachine$SmHandler.invokeExitMethods(StateMachine.java:1021)
04-02 16:07:12.454  1369  2776 V WifiClientModeImpl: 	at com.android.wifi.x.com.android.internal.util.StateMachine$SmHandler.performTransitions(StateMachine.java:877)
04-02 16:07:12.454  1369  2776 V WifiClientModeImpl: 	at com.android.wifi.x.com.android.internal.util.StateMachine$SmHandler.handleMessage(StateMachine.java:819)
04-02 16:07:12.454  1369  2776 V WifiClientModeImpl: 	at android.os.Handler.dispatchMessage(Handler.java:106)
04-02 16:07:12.454  1369  2776 V WifiClientModeImpl: 	at android.os.Looper.loop(Looper.java:250)
04-02 16:07:12.454  1369  2776 V WifiClientModeImpl: 	at android.os.HandlerThread.run(HandlerThread.java:67)
04-02 16:07:12.456  1369  2776 I WifiNative: Successfully torn down Iface:{Name=wlan0,Id=8,Type=STA_CONNECTIVITY}
04-02 16:07:12.456  1369  2776 E HalDevMgr: getAllChipInfo: called but mWifi is null!?
04-02 16:07:12.456  1369  2776 W HalDevMgr: stopWifi called but mWifi is null!?
04-02 16:07:12.456  1369  2776 I WifiNative: Successfully initiated teardown for iface=wlan0
04-02 16:07:12.456  1369  2777 W HalDevMgr: isWifiStarted called but mWifi is null!?
04-02 16:07:12.457  1369  2776 D WifiScanRequestProxy: Sending scan available broadcast: false
04-02 16:07:12.457  1369  2779 I WifiScanningService: Received a request to disable scanning, UID = 1000
04-02 16:07:12.457  1369  2779 E WifiNl80211Manager: No valid wificond scanner interface handler
04-02 16:07:12.458  1369  2779 I WifiScanningService: Removed an impl for wlan0
04-02 16:07:12.458  1369  2779 I WifiScanningService: wifi driver unloaded
04-02 16:07:12.458  1369  2776 I WifiScanRequestProxy: Scanning is disabled
04-02 16:07:12.256  2776  2776 I         : -(4)[2776:WifiHandlerThre]alarmtimer_enqueue, 535693434000000
04-02 16:07:12.466  1369  2776 E WifiClientModeImpl: Failed to remove networks on exiting connect mode
04-02 16:07:12.467  1369  2776 V WifiClientModeImpl: stopIpClient IpClientWithPreConnection: false
04-02 16:07:12.467  1369  2776 V WifiClientModeImpl: java.lang.Throwable
04-02 16:07:12.467  1369  2776 V WifiClientModeImpl: 	at com.android.server.wifi.ClientModeImpl.stopIpClient(ClientModeImpl.java:1070)
04-02 16:07:12.467  1369  2776 V WifiClientModeImpl: 	at com.android.server.wifi.ClientModeImpl.stopDhcpSetup(ClientModeImpl.java:1085)
04-02 16:07:12.467  1369  2776 V WifiClientModeImpl: 	at com.android.server.wifi.ClientModeImpl.handleNetworkDisconnect(ClientModeImpl.java:2765)
04-02 16:07:12.467  1369  2776 V WifiClientModeImpl: 	at com.android.server.wifi.ClientModeImpl.stopClientMode(ClientModeImpl.java:3669)
04-02 16:07:12.467  1369  2776 V WifiClientModeImpl: 	at com.android.server.wifi.ClientModeImpl.access$4300(ClientModeImpl.java:164)
04-02 16:07:12.467  1369  2776 V WifiClientModeImpl: 	at com.android.server.wifi.ClientModeImpl$ConnectModeState.exit(ClientModeImpl.java:3828)
04-02 16:07:12.467  1369  2776 V WifiClientModeImpl: 	at com.android.wifi.x.com.android.internal.util.StateMachine$SmHandler.invokeExitMethods(StateMachine.java:1021)
04-02 16:07:12.467  1369  2776 V WifiClientModeImpl: 	at com.android.wifi.x.com.android.internal.util.StateMachine$SmHandler.performTransitions(StateMachine.java:877)
04-02 16:07:12.467  1369  2776 V WifiClientModeImpl: 	at com.android.wifi.x.com.android.internal.util.StateMachine$SmHandler.handleMessage(StateMachine.java:819)
04-02 16:07:12.467  1369  2776 V WifiClientModeImpl: 	at android.os.Handler.dispatchMessage(Handler.java:106)
04-02 16:07:12.467  1369  2776 V WifiClientModeImpl: 	at android.os.Looper.loop(Looper.java:250)
04-02 16:07:12.467  1369  2776 V WifiClientModeImpl: 	at android.os.HandlerThread.run(HandlerThread.java:67)
04-02 16:07:12.468  1369  2776 D WifiDiags: stopLogging() iface list is {} after removing wlan0
04-02 16:07:12.475  1369  2776 W HalDevMgr: isWifiStarted called but mWifi is null!?
04-02 16:07:12.476  1369  2776 D WifiController: STA disabled, return to DisabledState.
04-02 16:07:12.476  1369  2776 D WifiController: EnabledState.exit()
04-02 16:07:12.476  1369  2776 D WifiController: DisabledState.enter()
04-02 16:07:12.477  1369  2776 E WifiNative: Could not get Iface object for interface null
04-02 16:07:12.478  1369  2776 E HalDevMgr: getAllChipInfo: called but mWifi is null!?
04-02 16:07:12.272  2776  2776 I         : -(5)[2776:WifiHandlerThre]alarmtimer_enqueue, 535681960000000
04-02 16:07:12.485  1369  4008 D WifiMemoryStoreImpl: Set cluster Gac595a307ddf472d for Wac595a307ddf472d: SUCCESS
04-02 16:07:14.641   433   433 I hwservicemanager: Notifying android.hardware.wifi@1.4::IWifi/default they have clients: 1
04-02 16:07:14.642  9624  9624 I android.hardware.wifi@1.0-service-lazy: Process has 1 (of 1 available) client(s) in use after notification android.hardware.wifi@1.4::IWifi has clients: 1
04-02 16:07:25.951  1369  2779 E WificondScannerImpl: Timed out waiting for scan result from wificond
04-02 16:07:32.036  1369  2776 E WifiNative: Could not get Iface object for interface null
04-02 16:07:32.038  1369  2776 E HalDevMgr: getAllChipInfo: called but mWifi is null!?
04-02 16:07:43.454  1369  4008 I WifiService: setWifiEnabled package=com.android.systemui uid=10169 enable=true
04-02 16:07:43.455  1369  2776 D WifiActiveModeWarden: Starting ClientModeManager
04-02 16:07:43.456  1369  2776 D WifiController: DisabledState.exit()
04-02 16:07:43.456  1369  2776 D WifiController: EnabledState.enter()
04-02 16:07:43.456  1369  2776 D WifiClientModeManager: entering IdleState
04-02 16:07:43.458  1369  2776 I android_os_HwBinder: HwBinder: Starting thread pool for getting: android.hardware.wifi@1.0::IWifi/default
04-02 16:07:43.276  1067  1067 I (7)[1067:mtk_wmtd_worker][wlan][1067]wlanConfigWifiFunc: (INIT INFO) FW_START CMD send, waiting for RSP
04-02 16:07:43.308  1067  1067 I (7)[1067:mtk_wmtd_worker][wlan][1067]wlanConfigWifiFunc: (INIT INFO) FW_START EVT success!!
04-02 16:07:43.308  1067  1067 I (7)[1067:mtk_wmtd_worker][wlan][1067]wlanCheckWifiFunc: (INIT INFO) Ready bit asserted
04-02 16:07:43.310  1067  1067 I (7)[1067:mtk_wmtd_worker][wlan][1067]nicCfgChipCapPhyCap: (INIT ERROR) illegle ucWifiPath 0
04-02 16:07:43.527  9624  9624 I android.hardware.wifi@1.0-service-lazy: Wifi HAL started
04-02 16:07:43.527  1369  2776 I WifiVendorHal: Vendor Hal started successfully
04-02 16:07:43.528  1369  2777 I WifiP2pNative: Registering for interface available listener
04-02 16:07:43.533  1369  2777 I WifiP2pNative: Registering for interface available listener
04-02 16:07:43.541  1369  5400 I WifiService: updateInterfaceIpState uid=1073
04-02 16:07:43.588  1369  3525 I WifiService: updateInterfaceIpState uid=1073
04-02 16:07:43.617  9624  9624 I WifiHAL : Wifi HAL initializing
04-02 16:07:43.617  9624  9624 I WifiHAL : Creating socket
04-02 16:07:43.617  9624  9624 I WifiHAL : Get nl80211_family_id
04-02 16:07:43.618  9624  9624 I WifiHAL : init wifi interfaces
04-02 16:07:43.619  9624  9624 D WifiHAL : found an interface : p2p0, id = 63
04-02 16:07:43.622  9624  9624 D WifiHAL : found an interface : wlan0, id = 32
04-02 16:07:43.622  9624  9624 D WifiHAL : found an interface : wlan1, id = 33
04-02 16:07:43.622  9624  9624 D WifiHAL : Add membership for group scan successfully
04-02 16:07:43.622  9624  9624 D WifiHAL : Add membership for group mlme successfully
04-02 16:07:43.623  9624  9624 D WifiHAL : Add membership for group regulatory successfully
04-02 16:07:43.623  9624  9624 D WifiHAL : Add membership for group vendor successfully
04-02 16:07:43.623  9624  9624 D WifiHAL : Wifi HAL initialized successfully: nl80211_family_id=19, found 3 interfaces
04-02 16:07:43.623  9624  9624 D WifiHAL : WifiRequest::create vendor command to iface 32, vendor_id=0x1a11, subcmd=0x1401, res=0
04-02 16:07:43.624  9624  9624 D WifiHAL : In DebugCommand::handleResponse
04-02 16:07:43.624  9624  9624 D WifiHAL : len = 24, expected len = 256
04-02 16:07:43.624  9624  9624 D WifiHAL : WifiRequest::create vendor command to iface 32, vendor_id=0x1a11, subcmd=0x1401, res=0
04-02 16:07:43.624  9624  9624 D WifiHAL : In DebugCommand::handleResponse
04-02 16:07:43.624  9624  9624 D WifiHAL : len = 64, expected len = 256
04-02 16:07:43.635  1369  2777 D WifiP2pNative: P2P InterfaceAvailableListener true
04-02 16:07:43.635  1369  2777 D WifiP2pService: Wifi enabled=false, P2P Interface availability=true
04-02 16:07:43.638  1369  2776 E WifiVendorHal: enableLinkLayerStats(l.1110) failed {.code = ERROR_NOT_SUPPORTED, .description = }
04-02 16:07:43.638  1369  2776 E WifiVendorHal: unable to enable link layer stats collection
04-02 16:07:43.638  1369  2776 D WifiNl80211Manager: Setting up interface for client mode
04-02 16:07:43.646  1369  2776 I WifiNative: Interface state changed on Iface:{Name=wlan0,Id=9,Type=STA_SCAN}, isUp=true
04-02 16:07:43.647  1369  2776 I WifiNative: Successfully setup Iface:{Name=wlan0,Id=9,Type=STA_SCAN}
04-02 16:07:43.649  9624  9624 D WifiHAL : WifiRequest::create vendor command to iface 32, vendor_id=0x1a11, subcmd=0x0002, res=0
04-02 16:07:43.649  9624  9624 D WifiHAL : In GetFeatureSetCommand::handleResponse for 5
04-02 16:07:43.649  9624  9624 D WifiHAL : vendor_id = 0x0, subcmd = 0x0
04-02 16:07:43.649  9624  9624 I WifiHAL : feature_set=0x8488141a
04-02 16:07:43.650  9624  9624 D WifiHAL : WifiRequest::create vendor command to iface 32, vendor_id=0x1a11, subcmd=0x0002, res=0
04-02 16:07:43.650  9624  9624 D WifiHAL : In GetFeatureSetCommand::handleResponse for 5
04-02 16:07:43.650  9624  9624 D WifiHAL : vendor_id = 0x0, subcmd = 0x0
04-02 16:07:43.650  9624  9624 I WifiHAL : feature_set=0x8488141a
04-02 16:07:43.656  1369  2776 D WifiClientModeManager: entering StartedState
04-02 16:07:43.657  1369  2776 D WifiClientModeManager: entering ScanOnlyModeState
04-02 16:07:43.658  1369  2776 D WifiScanRequestProxy: Sending scan available broadcast: true
04-02 16:07:43.658  1369  2779 I WifiScanningService: Received a request to enable scanning, UID = 1000
04-02 16:07:43.658  1369  2776 I WifiScanRequestProxy: Scanning is enabled
04-02 16:07:43.658  1369  2776 I WifiScanRequestProxy: Scanning for hidden networks is disabled
04-02 16:07:43.664  1369  1369 D WifiP2pService: Wifi enabled=false, P2P Interface availability=true
04-02 16:07:43.677  1369  2779 I WifiScanningService: Created a new impl for wlan0
04-02 16:07:43.678  1369  2779 E WifiBackgroundScanStateMachine: invalid max buckets in scan capabilities 0
04-02 16:07:43.841  9624  9624 D WifiHAL : WifiRequest::create vendor command to iface 32, vendor_id=0x1a11, subcmd=0x0002, res=0
04-02 16:07:43.841  9624  9624 D WifiHAL : In GetFeatureSetCommand::handleResponse for 5
04-02 16:07:43.841  9624  9624 D WifiHAL : vendor_id = 0x0, subcmd = 0x0
04-02 16:07:43.841  9624  9624 I WifiHAL : feature_set=0x8488141a
04-02 16:07:43.842  9624  9624 D WifiHAL : WifiRequest::create vendor command to iface 32, vendor_id=0x1a11, subcmd=0x0002, res=0
04-02 16:07:43.842  9624  9624 D WifiHAL : In GetFeatureSetCommand::handleResponse for 5
04-02 16:07:43.842  9624  9624 D WifiHAL : vendor_id = 0x0, subcmd = 0x0
04-02 16:07:43.842  9624  9624 I WifiHAL : feature_set=0x8488141a
04-02 16:07:43.849  1369  2776 I WifiNative: Successfully switched to connectivity mode on iface=Iface:{Name=wlan0,Id=9,Type=STA_CONNECTIVITY}
04-02 16:07:43.850  1369  2776 E WifiScanner: listener cannot be found
04-02 16:07:43.850  1369  2776 D WifiClientModeManager: entering ConnectModeState
04-02 16:07:43.855  1369  2776 D WifiScanRequestProxy: Sending scan available broadcast: true
04-02 16:07:43.855  1369  2779 I WifiScanningService: Received a request to enable scanning, UID = 1000
04-02 16:07:43.855  1369  2779 I WifiScanningService: scanner impls already exists
04-02 16:07:43.855  1369  2776 I WifiScanRequestProxy: Scanning is enabled
04-02 16:07:43.856  1369  2776 I WifiScanRequestProxy: Scanning for hidden networks is enabled
04-02 16:07:43.857  1369  2779 E WifiBackgroundScanStateMachine: invalid max buckets in scan capabilities 0
04-02 16:07:43.858  1369  2776 D WifiClientModeImpl: entering ConnectModeState: ifaceName = wlan0
04-02 16:07:43.858  1369  2776 D WifiClientModeImpl: setupClientMode() ifacename = wlan0
04-02 16:07:43.858  1369  1369 D WifiP2pService: Wifi enabled=true, P2P Interface availability=true, Number of clients=1
04-02 16:07:43.858  1369  1369 D WifiP2pService: Wifi enabled=true, P2P Interface availability=true
04-02 16:07:43.859  1369  2777 D WifiP2pNative: Setup P2P interface
04-02 16:07:43.859  2846  2878 V ImsIconController: onWifiConnectionStateChanged mWifiEnabled: true mWifiConnected: false
04-02 16:07:43.860  2846  2878 D NetworkController.WifiSignalController: Change in state from: connected=false,enabled=false,level=0,inetCondition=0,iconGroup=IconGroup(Wi-Fi Icons),activityIn=false,activityOut=false,rssi=0,lastModified=04-02 08:07:12.337,ssid=null,isTransient=false,isDefault=false,statusLabel=null,isStandard11AX=false,epdgState=false
04-02 16:07:43.860  2846  2878 D NetworkController.WifiSignalController: 	to: connected=false,enabled=true,level=0,inetCondition=0,iconGroup=IconGroup(Wi-Fi Icons),activityIn=false,activityOut=false,rssi=0,lastModified=04-02 08:07:12.337,ssid=null,isTransient=false,isDefault=false,statusLabel=null,isStandard11AX=false,epdgState=false
04-02 16:07:43.878  1369  2776 D WifiCountryCode: updateCountryCode to CN
04-02 16:07:43.883  1369  2776 D WifiCountryCode: Succeeded to set country code to: CN
04-02 16:07:43.884  9624  9624 D WifiHAL : WifiRequest::create vendor command to iface 32, vendor_id=0x1a11, subcmd=0x1401, res=0
04-02 16:07:43.884  9624  9624 D WifiHAL : In DebugCommand::handleResponse
04-02 16:07:43.884  9624  9624 D WifiHAL : len = 24, expected len = 256
04-02 16:07:43.884  9624  9624 D WifiHAL : WifiRequest::create vendor command to iface 32, vendor_id=0x1a11, subcmd=0x1401, res=0
04-02 16:07:43.884  9624  9624 D WifiHAL : In DebugCommand::handleResponse
04-02 16:07:43.885  9624  9624 D WifiHAL : len = 64, expected len = 256
04-02 16:07:43.885  1369  2776 I WifiVendorHal: Driver: 1_0_1-"20210322230124" Firmware: t-neptune-mp-soc1_0e1-2015-KRUG_SOC1_0_E1_ASIC-20201225082104
04-02 16:07:43.886  1369  2776 E WifiVendorHal: setLoggingEventHandler(l.1529) failed {.code = ERROR_NOT_SUPPORTED, .description = }
04-02 16:07:43.887  1369  2776 D WifiDiags: startLogging() iface list is {wlan0} after adding wlan0
04-02 16:07:43.915  1369  2777 I WifiP2pNative: P2P interface setup completed
04-02 16:07:43.915  1369  2777 I WifiP2pService: Supported feature: P2P MAC randomization
04-02 16:07:43.920  1369  2777 W ContextImpl: Calling a method in the system process without a qualified user: android.app.ContextImpl.sendBroadcastMultiplePermissions:1148 android.content.Context.sendBroadcastWithMultiplePermissions:2150 com.android.server.wifi.p2p.WifiP2pServiceImpl$P2pStateMachine.sendBroadcastMultiplePermissions:3106 com.android.server.wifi.p2p.WifiP2pServiceImpl$P2pStateMachine.sendP2pConnectionChangedBroadcast:3133 com.android.server.wifi.p2p.WifiP2pServiceImpl$P2pStateMachine.access$4900:756 
04-02 16:07:43.923  1369  2776 D WifiConnectivityHelper: Firmware supported feature set: 9ac881419
04-02 16:07:43.923  9624  9624 I WifiHAL : Get roaming capabilities
04-02 16:07:43.924  9624  9624 D WifiHAL : WifiRequest::create vendor command to iface 32, vendor_id=0x1a11, subcmd=0x0008, res=0
04-02 16:07:43.924  9624  9624 D WifiHAL : In GetFeatureSetCommand::handleResponse for 12
04-02 16:07:43.924  9624  9624 D WifiHAL : vendor_id = 0x0, subcmd = 0x0
04-02 16:07:43.924  9624  9624 I WifiHAL : blacklist/whitelist: 16: 8
04-02 16:07:43.925  1369  2776 D WifiConnectivityHelper: Firmware roaming supported with capabilities: max num blacklist bssid=16 max num whitelist ssid=8
04-02 16:07:43.926  1369  2777 W ContextImpl: Calling a method in the system process without a qualified user: android.app.ContextImpl.sendBroadcastMultiplePermissions:1148 android.content.Context.sendBroadcastWithMultiplePermissions:2150 com.android.server.wifi.p2p.WifiP2pServiceImpl$P2pStateMachine.sendBroadcastMultiplePermissions:3106 com.android.server.wifi.p2p.WifiP2pServiceImpl$P2pStateMachine.sendThisDeviceChangedBroadcast:3115 com.android.server.wifi.p2p.WifiP2pServiceImpl$P2pStateMachine.updateThisDevice:3835 
04-02 16:07:43.926  1369  2776 E WifiVendorHal: getWifiLinkLayerStats_1_3_Internal(l.973) failed {.code = ERROR_NOT_SUPPORTED, .description = }
04-02 16:07:43.927  1369  2776 I WifiClientModeImpl: disconnectedstate enter
04-02 16:07:43.929  1369  2776 E WifiScoringParams: Invalid frequency(-1), using 5G as default rssi array
04-02 16:07:43.720  2776  2776 I -(6)[2776:WifiHandlerThre][wlan][9624]mtk_cfg80211_vendor_get_roaming_capabilities: (REQ INFO) Get roaming capabilities: max black/whitelist=16/8
04-02 16:07:43.724  2776  2776 I         : -(6)[2776:WifiHandlerThre]alarmtimer_enqueue, 540060212000000
04-02 16:07:43.724  2776  2776 I         : -(6)[2776:WifiHandlerThre]alarmtimer_enqueue, 536911411000000
04-02 16:07:43.725  2776  2776 I         : -(6)[2776:WifiHandlerThre]alarmtimer_enqueue, 535731413000000
04-02 16:07:43.935  1369  2777 D WifiP2pNative: P2P InterfaceAvailableListener false
04-02 16:07:43.935  1369  2777 I WifiP2pNative: Masking interface non-availability callback because we created a P2P iface
04-02 16:07:43.940  1369  2776 D WifiService: updateInterfaceIpState: ifaceName=ap0 mode=-1 previous LOHS mode= -1
04-02 16:07:43.740  2779  2779 I         : -(2)[2779:WifiScanningSer]alarmtimer_enqueue, 535731413000000
04-02 16:07:43.940  1369  2776 D WifiService: updateInterfaceIpState: ifaceName=ap0 mode=-1 previous LOHS mode= -1
04-02 16:07:46.118  1369  3525 I WifiService: setWifiEnabled package=com.android.systemui uid=10169 enable=false
04-02 16:07:46.119  1369  2776 D WifiActiveModeWarden: Shutting down all client mode managers
04-02 16:07:46.119  1369  2776 D WifiClientModeManager:  currentstate: ConnectModeState
04-02 16:07:46.120  1369  1369 D WifiP2pService: Wifi enabled=false, P2P Interface availability=true
04-02 16:07:46.120  1369  2776 D WifiClientModeManager: The target role -1
04-02 16:07:46.120  1369  2776 D WifiClientModeManager: Continue to stop wifi
04-02 16:07:46.121  1369  2777 D WifiP2pNative: Teardown P2P interface
04-02 16:07:46.121  2846  2878 V ImsIconController: onWifiConnectionStateChanged mWifiEnabled: false mWifiConnected: false
04-02 16:07:46.121  1369  1369 D WifiP2pService: Wifi enabled=false, P2P Interface availability=true
04-02 16:07:46.122  2846  2878 D NetworkController.WifiSignalController: Change in state from: connected=false,enabled=true,level=0,inetCondition=0,iconGroup=IconGroup(Wi-Fi Icons),activityIn=false,activityOut=false,rssi=0,lastModified=04-02 08:07:43.861,ssid=null,isTransient=false,isDefault=false,statusLabel=null,isStandard11AX=false,epdgState=false
04-02 16:07:46.122  2846  2878 D NetworkController.WifiSignalController: 	to: connected=false,enabled=false,level=0,inetCondition=0,iconGroup=IconGroup(Wi-Fi Icons),activityIn=false,activityOut=false,rssi=0,lastModified=04-02 08:07:43.861,ssid=null,isTransient=false,isDefault=false,statusLabel=null,isStandard11AX=false,epdgState=false
04-02 16:07:46.136  1369  2777 I WifiP2pNative: P2P interface teardown completed
04-02 16:07:46.136  1369  2777 D WifiP2pNative: P2P InterfaceDestroyedListener p2p0
04-02 16:07:46.137  1369  2777 D WifiP2pNative: Ignoring stale interface destroyed listener
04-02 16:07:46.137  1369  2777 D WifiP2pNative: P2P InterfaceAvailableListener true
04-02 16:07:46.137  1369  2777 D WifiP2pService: Wifi enabled=false, P2P Interface availability=true
04-02 16:07:46.151  1369  2776 D WifiNl80211Manager: tearing down interfaces in wificond
04-02 16:07:46.153  9624  9641 E WifiHAL : wifi_event_loop: Read after POLL returned 4, error no = 0 (Success)
04-02 16:07:46.153  9624  9641 D WifiHAL : Got a signal to exit!!!
04-02 16:07:46.153  9624  9641 I WifiHAL : Exit wifi_event_loop
04-02 16:07:46.153  9624  9624 E WifiHAL : wifi_cleanup: Read after POLL returned 4, error no = 0 (Success)
04-02 16:07:46.153  9624  9624 E WifiHAL : Event processing terminated
04-02 16:07:46.154  9624  9624 I WifiHAL : Internal cleanup completed
04-02 16:07:45.984  1067  1067 I (7)[1067:mtk_wmtd_worker][wlan][1067]halHifPowerOffWifi: (INIT INFO) Power off Wi-Fi!
04-02 16:07:45.984  1067  1067 I (7)[1067:mtk_wmtd_worker][wlan][1067]halHifPowerOffWifi: (INIT INFO) Handle pending interrupt
04-02 16:07:46.207  9624  9624 I android.hardware.wifi@1.0-service-lazy: Wifi HAL stopped
04-02 16:07:45.999  1067  1067 I (7)[1067:mtk_wmtd_worker][wlan][1067]wlanCheckWifiFunc: (INIT INFO) Wi-Fi power off done!
04-02 16:07:46.209  1369  2776 I WifiVendorHal: Vendor Hal stopped
04-02 16:07:46.210  1369  2776 D WifiClientModeManager: STA iface wlan0 was destroyed, stopping client mode
04-02 16:07:46.212  1369  2776 V WifiClientModeImpl: stopIpClient IpClientWithPreConnection: false
04-02 16:07:46.212  1369  2776 V WifiClientModeImpl: java.lang.Throwable
04-02 16:07:46.212  1369  2776 V WifiClientModeImpl: 	at com.android.server.wifi.ClientModeImpl.stopIpClient(ClientModeImpl.java:1070)
04-02 16:07:46.212  1369  2776 V WifiClientModeImpl: 	at com.android.server.wifi.ClientModeImpl.stopDhcpSetup(ClientModeImpl.java:1085)
04-02 16:07:46.212  1369  2776 V WifiClientModeImpl: 	at com.android.server.wifi.ClientModeImpl.handleNetworkDisconnect(ClientModeImpl.java:2765)
04-02 16:07:46.212  1369  2776 V WifiClientModeImpl: 	at com.android.server.wifi.ClientModeImpl.handleIfaceDestroyed(ClientModeImpl.java:1570)
04-02 16:07:46.212  1369  2776 V WifiClientModeImpl: 	at com.android.server.wifi.ClientModeManager$ClientModeStateMachine$1.onDestroyed(ClientModeManager.java:423)
04-02 16:07:46.212  1369  2776 V WifiClientModeImpl: 	at com.android.server.wifi.WifiNative.onInterfaceDestroyed(WifiNative.java:579)
04-02 16:07:46.212  1369  2776 V WifiClientModeImpl: 	at com.android.server.wifi.WifiNative.access$1200(WifiNative.java:77)
04-02 16:07:46.212  1369  2776 V WifiClientModeImpl: 	at com.android.server.wifi.WifiNative$InterfaceDestoyedListenerInternal.onDestroyed(WifiNative.java:606)
04-02 16:07:46.212  1369  2776 V WifiClientModeImpl: 	at com.android.server.wifi.WifiVendorHal$StaInterfaceDestroyedListenerInternal.onDestroyed(WifiVendorHal.java:429)
04-02 16:07:46.212  1369  2776 V WifiClientModeImpl: 	at com.android.server.wifi.HalDeviceManager$InterfaceDestroyedListenerProxy.action(HalDeviceManager.java:2165)
04-02 16:07:46.212  1369  2776 V WifiClientModeImpl: 	at com.android.server.wifi.HalDeviceManager$ListenerProxy.trigger(HalDeviceManager.java:2130)
04-02 16:07:46.212  1369  2776 V WifiClientModeImpl: 	at com.android.server.wifi.HalDeviceManager.dispatchDestroyedListeners(HalDeviceManager.java:2081)
04-02 16:07:46.212  1369  2776 V WifiClientModeImpl: 	at com.android.server.wifi.HalDeviceManager.removeIfaceInternal(HalDeviceManager.java:2000)
04-02 16:07:46.212  1369  2776 V WifiClientModeImpl: 	at com.android.server.wifi.HalDeviceManager.removeIface(HalDeviceManager.java:265)
04-02 16:07:46.212  1369  2776 V WifiClientModeImpl: 	at com.android.server.wifi.WifiVendorHal.removeStaIface(WifiVendorHal.java:478)
04-02 16:07:46.212  1369  2776 V WifiClientModeImpl: 	at com.android.server.wifi.WifiNative.removeStaIface(WifiNative.java:866)
04-02 16:07:46.212  1369  2776 V WifiClientModeImpl: 	at com.android.server.wifi.WifiNative.teardownInterface(WifiNative.java:1312)
04-02 16:07:46.212  1369  2776 V WifiClientModeImpl: 	at com.android.server.wifi.ClientModeManager$ClientModeStateMachine$StartedState.exit(ClientModeManager.java:568)
04-02 16:07:46.212  1369  2776 V WifiClientModeImpl: 	at com.android.wifi.x.com.android.internal.util.StateMachine$SmHandler.invokeExitMethods(StateMachine.java:1021)
04-02 16:07:46.212  1369  2776 V WifiClientModeImpl: 	at com.android.wifi.x.com.android.internal.util.StateMachine$SmHandler.performTransitions(StateMachine.java:877)
04-02 16:07:46.212  1369  2776 V WifiClientModeImpl: 	at com.android.wifi.x.com.android.internal.util.StateMachine$SmHandler.handleMessage(StateMachine.java:819)
04-02 16:07:46.212  1369  2776 V WifiClientModeImpl: 	at android.os.Handler.dispatchMessage(Handler.java:106)
04-02 16:07:46.212  1369  2776 V WifiClientModeImpl: 	at android.os.Looper.loop(Looper.java:250)
04-02 16:07:46.212  1369  2776 V WifiClientModeImpl: 	at android.os.HandlerThread.run(HandlerThread.java:67)
04-02 16:07:46.213  1369  2776 I WifiNative: Successfully torn down Iface:{Name=wlan0,Id=9,Type=STA_CONNECTIVITY}
04-02 16:07:46.213  1369  2776 E HalDevMgr: getAllChipInfo: called but mWifi is null!?
04-02 16:07:46.213  1369  2776 W HalDevMgr: stopWifi called but mWifi is null!?
04-02 16:07:46.213  1369  2776 I WifiNative: Successfully initiated teardown for iface=wlan0
04-02 16:07:46.214  1369  2777 W HalDevMgr: isWifiStarted called but mWifi is null!?
04-02 16:07:46.214  1369  2776 D WifiScanRequestProxy: Sending scan available broadcast: false
04-02 16:07:46.214  1369  2779 I WifiScanningService: Received a request to disable scanning, UID = 1000
04-02 16:07:46.214  1369  2779 E WifiNl80211Manager: No valid wificond scanner interface handler
04-02 16:07:46.214  1369  2779 I WifiScanningService: Removed an impl for wlan0
04-02 16:07:46.214  1369  2779 I WifiScanningService: wifi driver unloaded
04-02 16:07:46.215  1369  2776 I WifiScanRequestProxy: Scanning is disabled
04-02 16:07:46.014  2776  2776 I         : -(4)[2776:WifiHandlerThre]alarmtimer_enqueue, 535726428000000
04-02 16:07:46.223  1369  2776 E WifiClientModeImpl: Failed to remove networks on exiting connect mode
04-02 16:07:46.224  1369  2776 V WifiClientModeImpl: stopIpClient IpClientWithPreConnection: false
04-02 16:07:46.224  1369  2776 V Wifi